[
  {
    "page": 1,
    "type": "MODIFY",
    "snippet": "Lorem Ipsum is simply dummy text"
  }
]