[
  { "page": 2, "type": "MODIFY", "snippet": "Confidential Period" }
]
