[
  { "page": 1, "type": "MODIFY", "snippet": "PURCHASE PRICE" },
  { "page": 1, "type": "MODIFY", "snippet": "March" },
  { "page": 1, "type": "MODIFY", "snippet": "here to" }
]