[
  { "page": 1, "type": "MODIFY", "snippet": "Track Changes on" }
]
